INFO:     Started server process [37119]
INFO:     Waiting for application startup.
INFO:     Application startup complete.
INFO:     Uvicorn running on http://127.0.0.1:8000 (Press CTRL+C to quit)
INFO:     127.0.0.1:52269 - "POST /api/v1/rfqs/ HTTP/1.1" 422 Unprocessable Content
INFO:     127.0.0.1:52241 - "GET /api/v1/companies/ HTTP/1.1" 500 Internal Server Error
ERROR:    Exception in ASGI application
Traceback (most recent call last):
  File "/Users/kevinkao/Documents/software building/b2b-quotation-system-backend/venv/lib/python3.14/site-packages/sqlalchemy/engine/base.py", line 1967, in _exec_single_context
    self.dialect.do_execute(
    ~~~~~~~~~~~~~~~~~~~~~~~^
        cursor, str_statement, effective_parameters, context
        ^^^^^^^^^^^^^^^^^^^^^^^^^^^^^^^^^^^^^^^^^^^^^^^^^^^^
    )
    ^
  File "/Users/kevinkao/Documents/software building/b2b-quotation-system-backend/venv/lib/python3.14/site-packages/sqlalchemy/engine/default.py", line 952, in do_execute
    cursor.execute(statement, parameters)
    ~~~~~~~~~~~~~~^^^^^^^^^^^^^^^^^^^^^^^
psycopg2.errors.UndefinedColumn: column customers.roles does not exist
LINE 1: ...updated_at, customers.status AS customers_status, customers....
                                                             ^
HINT:  Perhaps you meant to reference the column "customers.notes".


The above exception was the direct cause of the following exception:

Traceback (most recent call last):
  File "/Users/kevinkao/Documents/software building/b2b-quotation-system-backend/venv/lib/python3.14/site-packages/uvicorn/protocols/http/h11_impl.py", line 410, in run_asgi
    result = await app(  # type: ignore[func-returns-value]
             ^^^^^^^^^^^^^^^^^^^^^^^^^^^^^^^^^^^^^^^^^^^^^^
        self.scope, self.receive, self.send
        ^^^^^^^^^^^^^^^^^^^^^^^^^^^^^^^^^^^
    )
    ^
  File "/Users/kevinkao/Documents/software building/b2b-quotation-system-backend/venv/lib/python3.14/site-packages/uvicorn/middleware/proxy_headers.py", line 60, in __call__
    return await self.app(scope, receive, send)
           ^^^^^^^^^^^^^^^^^^^^^^^^^^^^^^^^^^^^
  File "/Users/kevinkao/Documents/software building/b2b-quotation-system-backend/venv/lib/python3.14/site-packages/fastapi/applications.py", line 1135, in __call__
    await super().__call__(scope, receive, send)
  File "/Users/kevinkao/Documents/software building/b2b-quotation-system-backend/venv/lib/python3.14/site-packages/starlette/applications.py", line 107, in __call__
    await self.middleware_stack(scope, receive, send)
  File "/Users/kevinkao/Documents/software building/b2b-quotation-system-backend/venv/lib/python3.14/site-packages/starlette/middleware/errors.py", line 186, in __call__
    raise exc
  File "/Users/kevinkao/Documents/software building/b2b-quotation-system-backend/venv/lib/python3.14/site-packages/starlette/middleware/errors.py", line 164, in __call__
    await self.app(scope, receive, _send)
  File "/Users/kevinkao/Documents/software building/b2b-quotation-system-backend/venv/lib/python3.14/site-packages/starlette/middleware/cors.py", line 85, in __call__
    await self.app(scope, receive, send)
  File "/Users/kevinkao/Documents/software building/b2b-quotation-system-backend/venv/lib/python3.14/site-packages/starlette/middleware/exceptions.py", line 63, in __call__
    await wrap_app_handling_exceptions(self.app, conn)(scope, receive, send)
  File "/Users/kevinkao/Documents/software building/b2b-quotation-system-backend/venv/lib/python3.14/site-packages/starlette/_exception_handler.py", line 53, in wrapped_app
    raise exc
  File "/Users/kevinkao/Documents/software building/b2b-quotation-system-backend/venv/lib/python3.14/site-packages/starlette/_exception_handler.py", line 42, in wrapped_app
    await app(scope, receive, sender)
  File "/Users/kevinkao/Documents/software building/b2b-quotation-system-backend/venv/lib/python3.14/site-packages/fastapi/middleware/asyncexitstack.py", line 18, in __call__
    await self.app(scope, receive, send)
  File "/Users/kevinkao/Documents/software building/b2b-quotation-system-backend/venv/lib/python3.14/site-packages/starlette/routing.py", line 716, in __call__
    await self.middleware_stack(scope, receive, send)
  File "/Users/kevinkao/Documents/software building/b2b-quotation-system-backend/venv/lib/python3.14/site-packages/starlette/routing.py", line 736, in app
    await route.handle(scope, receive, send)
  File "/Users/kevinkao/Documents/software building/b2b-quotation-system-backend/venv/lib/python3.14/site-packages/starlette/routing.py", line 290, in handle
    await self.app(scope, receive, send)
  File "/Users/kevinkao/Documents/software building/b2b-quotation-system-backend/venv/lib/python3.14/site-packages/fastapi/routing.py", line 115, in app
    await wrap_app_handling_exceptions(app, request)(scope, receive, send)
  File "/Users/kevinkao/Documents/software building/b2b-quotation-system-backend/venv/lib/python3.14/site-packages/starlette/_exception_handler.py", line 53, in wrapped_app
    raise exc
  File "/Users/kevinkao/Documents/software building/b2b-quotation-system-backend/venv/lib/python3.14/site-packages/starlette/_exception_handler.py", line 42, in wrapped_app
    await app(scope, receive, sender)
  File "/Users/kevinkao/Documents/software building/b2b-quotation-system-backend/venv/lib/python3.14/site-packages/fastapi/routing.py", line 101, in app
    response = await f(request)
               ^^^^^^^^^^^^^^^^
  File "/Users/kevinkao/Documents/software building/b2b-quotation-system-backend/venv/lib/python3.14/site-packages/fastapi/routing.py", line 355, in app
    raw_response = await run_endpoint_function(
                   ^^^^^^^^^^^^^^^^^^^^^^^^^^^^
    ...<3 lines>...
    )
    ^
  File "/Users/kevinkao/Documents/software building/b2b-quotation-system-backend/venv/lib/python3.14/site-packages/fastapi/routing.py", line 245, in run_endpoint_function
    return await run_in_threadpool(dependant.call, **values)
           ^^^^^^^^^^^^^^^^^^^^^^^^^^^^^^^^^^^^^^^^^^^^^^^^^
  File "/Users/kevinkao/Documents/software building/b2b-quotation-system-backend/venv/lib/python3.14/site-packages/starlette/concurrency.py", line 32, in run_in_threadpool
    return await anyio.to_thread.run_sync(func)
           ^^^^^^^^^^^^^^^^^^^^^^^^^^^^^^^^^^^^
  File "/Users/kevinkao/Documents/software building/b2b-quotation-system-backend/venv/lib/python3.14/site-packages/anyio/to_thread.py", line 63, in run_sync
    return await get_async_backend().run_sync_in_worker_thread(
           ^^^^^^^^^^^^^^^^^^^^^^^^^^^^^^^^^^^^^^^^^^^^^^^^^^^^
        func, args, abandon_on_cancel=abandon_on_cancel, limiter=limiter
        ^^^^^^^^^^^^^^^^^^^^^^^^^^^^^^^^^^^^^^^^^^^^^^^^^^^^^^^^^^^^^^^^
    )
    ^
  File "/Users/kevinkao/Documents/software building/b2b-quotation-system-backend/venv/lib/python3.14/site-packages/anyio/_backends/_asyncio.py", line 2502, in run_sync_in_worker_thread
    return await future
           ^^^^^^^^^^^^
  File "/Users/kevinkao/Documents/software building/b2b-quotation-system-backend/venv/lib/python3.14/site-packages/anyio/_backends/_asyncio.py", line 986, in run
    result = context.run(func, *args)
  File "/Users/kevinkao/Documents/software building/b2b-quotation-system-backend/app/routers/companies.py", line 37, in list_companies
    customers = db.query(Customer).filter(Customer.status == "active").all()
  File "/Users/kevinkao/Documents/software building/b2b-quotation-system-backend/venv/lib/python3.14/site-packages/sqlalchemy/orm/query.py", line 2704, in all
    return self._iter().all()  # type: ignore
           ~~~~~~~~~~^^
  File "/Users/kevinkao/Documents/software building/b2b-quotation-system-backend/venv/lib/python3.14/site-packages/sqlalchemy/orm/query.py", line 2857, in _iter
    result: Union[ScalarResult[_T], Result[_T]] = self.session.execute(
                                                  ~~~~~~~~~~~~~~~~~~~~^
        statement,
        ^^^^^^^^^^
        params,
        ^^^^^^^
        execution_options={"_sa_orm_load_options": self.load_options},
        ^^^^^^^^^^^^^^^^^^^^^^^^^^^^^^^^^^^^^^^^^^^^^^^^^^^^^^^^^^^^^^
    )
    ^
  File "/Users/kevinkao/Documents/software building/b2b-quotation-system-backend/venv/lib/python3.14/site-packages/sqlalchemy/orm/session.py", line 2351, in execute
    return self._execute_internal(
           ~~~~~~~~~~~~~~~~~~~~~~^
        statement,
        ^^^^^^^^^^
    ...<4 lines>...
        _add_event=_add_event,
        ^^^^^^^^^^^^^^^^^^^^^^
    )
    ^
  File "/Users/kevinkao/Documents/software building/b2b-quotation-system-backend/venv/lib/python3.14/site-packages/sqlalchemy/orm/session.py", line 2249, in _execute_internal
    result: Result[Any] = compile_state_cls.orm_execute_statement(
                          ~~~~~~~~~~~~~~~~~~~~~~~~~~~~~~~~~~~~~~~^
        self,
        ^^^^^
    ...<4 lines>...
        conn,
        ^^^^^
    )
    ^
  File "/Users/kevinkao/Documents/software building/b2b-quotation-system-backend/venv/lib/python3.14/site-packages/sqlalchemy/orm/context.py", line 306, in orm_execute_statement
    result = conn.execute(
        statement, params or {}, execution_options=execution_options
    )
  File "/Users/kevinkao/Documents/software building/b2b-quotation-system-backend/venv/lib/python3.14/site-packages/sqlalchemy/engine/base.py", line 1419, in execute
    return meth(
        self,
        distilled_parameters,
        execution_options or NO_OPTIONS,
    )
  File "/Users/kevinkao/Documents/software building/b2b-quotation-system-backend/venv/lib/python3.14/site-packages/sqlalchemy/sql/elements.py", line 527, in _execute_on_connection
    return connection._execute_clauseelement(
           ~~~~~~~~~~~~~~~~~~~~~~~~~~~~~~~~~^
        self, distilled_params, execution_options
        ^^^^^^^^^^^^^^^^^^^^^^^^^^^^^^^^^^^^^^^^^
    )
    ^
  File "/Users/kevinkao/Documents/software building/b2b-quotation-system-backend/venv/lib/python3.14/site-packages/sqlalchemy/engine/base.py", line 1641, in _execute_clauseelement
    ret = self._execute_context(
        dialect,
    ...<8 lines>...
        cache_hit=cache_hit,
    )
  File "/Users/kevinkao/Documents/software building/b2b-quotation-system-backend/venv/lib/python3.14/site-packages/sqlalchemy/engine/base.py", line 1846, in _execute_context
    return self._exec_single_context(
           ~~~~~~~~~~~~~~~~~~~~~~~~~^
        dialect, context, statement, parameters
        ^^^^^^^^^^^^^^^^^^^^^^^^^^^^^^^^^^^^^^^
    )
    ^
  File "/Users/kevinkao/Documents/software building/b2b-quotation-system-backend/venv/lib/python3.14/site-packages/sqlalchemy/engine/base.py", line 1986, in _exec_single_context
    self._handle_dbapi_exception(
    ~~~~~~~~~~~~~~~~~~~~~~~~~~~~^
        e, str_statement, effective_parameters, cursor, context
        ^^^^^^^^^^^^^^^^^^^^^^^^^^^^^^^^^^^^^^^^^^^^^^^^^^^^^^^
    )
    ^
  File "/Users/kevinkao/Documents/software building/b2b-quotation-system-backend/venv/lib/python3.14/site-packages/sqlalchemy/engine/base.py", line 2363, in _handle_dbapi_exception
    raise sqlalchemy_exception.with_traceback(exc_info[2]) from e
  File "/Users/kevinkao/Documents/software building/b2b-quotation-system-backend/venv/lib/python3.14/site-packages/sqlalchemy/engine/base.py", line 1967, in _exec_single_context
    self.dialect.do_execute(
    ~~~~~~~~~~~~~~~~~~~~~~~^
        cursor, str_statement, effective_parameters, context
        ^^^^^^^^^^^^^^^^^^^^^^^^^^^^^^^^^^^^^^^^^^^^^^^^^^^^
    )
    ^
  File "/Users/kevinkao/Documents/software building/b2b-quotation-system-backend/venv/lib/python3.14/site-packages/sqlalchemy/engine/default.py", line 952, in do_execute
    cursor.execute(statement, parameters)
    ~~~~~~~~~~~~~~^^^^^^^^^^^^^^^^^^^^^^^
sqlalchemy.exc.ProgrammingError: (psycopg2.errors.UndefinedColumn) column customers.roles does not exist
LINE 1: ...updated_at, customers.status AS customers_status, customers....
                                                             ^
HINT:  Perhaps you meant to reference the column "customers.notes".

[SQL: SELECT customers.id AS customers_id, customers.created_at AS customers_created_at, customers.updated_at AS customers_updated_at, customers.status AS customers_status, customers.roles AS customers_roles, customers.company_name AS customers_company_name, customers.company_email AS customers_company_email, customers.tax_id AS customers_tax_id, customers.industry AS customers_industry, customers.website AS customers_website, customers.address_line1 AS customers_address_line1, customers.address_line2 AS customers_address_line2, customers.city AS customers_city, customers.postal_code AS customers_postal_code, customers.country AS customers_country, customers.contact_name AS customers_contact_name, customers.contact_email AS customers_contact_email, customers.contact_phone AS customers_contact_phone, customers.contact_title AS customers_contact_title, customers.billing_email AS customers_billing_email, customers.notes AS customers_notes 
FROM customers 
WHERE customers.status = %(status_1)s]
[parameters: {'status_1': 'active'}]
(Background on this error at: https://sqlalche.me/e/20/f405)
INFO:     127.0.0.1:52337 - "POST /api/v1/rfqs/ HTTP/1.1" 400 Bad Request
INFO:     127.0.0.1:52369 - "POST /api/v1/vendors/ HTTP/1.1" 200 OK
INFO:     127.0.0.1:52415 - "POST /api/v1/rfqs/ HTTP/1.1" 201 Created
INFO:     127.0.0.1:52473 - "DELETE /api/v1/rfqs/35dc173e-51b7-40a8-8baf-565fd97692cf HTTP/1.1" 204 No Content
INFO:     127.0.0.1:52482 - "GET /api/v1/rfqs/ HTTP/1.1" 200 OK
INFO:     127.0.0.1:55662 - "GET /api/v1/rfqs/?page=1&page_size=10 HTTP/1.1" 200 OK
INFO:     127.0.0.1:55664 - "GET /api/v1/rfqs/088d3cd8-9bd5-4a2b-8126-91ed4850fd85 HTTP/1.1" 200 OK
INFO:     127.0.0.1:55664 - "GET /api/v1/rfqs/088d3cd8-9bd5-4a2b-8126-91ed4850fd85 HTTP/1.1" 200 OK
INFO:     127.0.0.1:55662 - "GET /api/v1/rfqs/?page=1&page_size=10 HTTP/1.1" 200 OK
INFO:     127.0.0.1:63622 - "GET /api/v1/rfqs/?page=1&page_size=10 HTTP/1.1" 500 Internal Server Error
ERROR:    Exception in ASGI application
Traceback (most recent call last):
  File "/Users/kevinkao/Documents/software building/b2b-quotation-system-backend/venv/lib/python3.14/site-packages/sqlalchemy/engine/base.py", line 1967, in _exec_single_context
    self.dialect.do_execute(
    ~~~~~~~~~~~~~~~~~~~~~~~^
        cursor, str_statement, effective_parameters, context
        ^^^^^^^^^^^^^^^^^^^^^^^^^^^^^^^^^^^^^^^^^^^^^^^^^^^^
    )
    ^
  File "/Users/kevinkao/Documents/software building/b2b-quotation-system-backend/venv/lib/python3.14/site-packages/sqlalchemy/engine/default.py", line 952, in do_execute
    cursor.execute(statement, parameters)
    ~~~~~~~~~~~~~~^^^^^^^^^^^^^^^^^^^^^^^
psycopg2.OperationalError: server closed the connection unexpectedly
	This probably means the server terminated abnormally
	before or while processing the request.
server closed the connection unexpectedly
	This probably means the server terminated abnormally
	before or while processing the request.


The above exception was the direct cause of the following exception:

Traceback (most recent call last):
  File "/Users/kevinkao/Documents/software building/b2b-quotation-system-backend/venv/lib/python3.14/site-packages/uvicorn/protocols/http/h11_impl.py", line 410, in run_asgi
    result = await app(  # type: ignore[func-returns-value]
             ^^^^^^^^^^^^^^^^^^^^^^^^^^^^^^^^^^^^^^^^^^^^^^
        self.scope, self.receive, self.send
        ^^^^^^^^^^^^^^^^^^^^^^^^^^^^^^^^^^^
    )
    ^
  File "/Users/kevinkao/Documents/software building/b2b-quotation-system-backend/venv/lib/python3.14/site-packages/uvicorn/middleware/proxy_headers.py", line 60, in __call__
    return await self.app(scope, receive, send)
           ^^^^^^^^^^^^^^^^^^^^^^^^^^^^^^^^^^^^
  File "/Users/kevinkao/Documents/software building/b2b-quotation-system-backend/venv/lib/python3.14/site-packages/fastapi/applications.py", line 1135, in __call__
    await super().__call__(scope, receive, send)
  File "/Users/kevinkao/Documents/software building/b2b-quotation-system-backend/venv/lib/python3.14/site-packages/starlette/applications.py", line 107, in __call__
    await self.middleware_stack(scope, receive, send)
  File "/Users/kevinkao/Documents/software building/b2b-quotation-system-backend/venv/lib/python3.14/site-packages/starlette/middleware/errors.py", line 186, in __call__
    raise exc
  File "/Users/kevinkao/Documents/software building/b2b-quotation-system-backend/venv/lib/python3.14/site-packages/starlette/middleware/errors.py", line 164, in __call__
    await self.app(scope, receive, _send)
  File "/Users/kevinkao/Documents/software building/b2b-quotation-system-backend/venv/lib/python3.14/site-packages/starlette/middleware/cors.py", line 93, in __call__
    await self.simple_response(scope, receive, send, request_headers=headers)
  File "/Users/kevinkao/Documents/software building/b2b-quotation-system-backend/venv/lib/python3.14/site-packages/starlette/middleware/cors.py", line 144, in simple_response
    await self.app(scope, receive, send)
  File "/Users/kevinkao/Documents/software building/b2b-quotation-system-backend/venv/lib/python3.14/site-packages/starlette/middleware/exceptions.py", line 63, in __call__
    await wrap_app_handling_exceptions(self.app, conn)(scope, receive, send)
  File "/Users/kevinkao/Documents/software building/b2b-quotation-system-backend/venv/lib/python3.14/site-packages/starlette/_exception_handler.py", line 53, in wrapped_app
    raise exc
  File "/Users/kevinkao/Documents/software building/b2b-quotation-system-backend/venv/lib/python3.14/site-packages/starlette/_exception_handler.py", line 42, in wrapped_app
    await app(scope, receive, sender)
  File "/Users/kevinkao/Documents/software building/b2b-quotation-system-backend/venv/lib/python3.14/site-packages/fastapi/middleware/asyncexitstack.py", line 18, in __call__
    await self.app(scope, receive, send)
  File "/Users/kevinkao/Documents/software building/b2b-quotation-system-backend/venv/lib/python3.14/site-packages/starlette/routing.py", line 716, in __call__
    await self.middleware_stack(scope, receive, send)
  File "/Users/kevinkao/Documents/software building/b2b-quotation-system-backend/venv/lib/python3.14/site-packages/starlette/routing.py", line 736, in app
    await route.handle(scope, receive, send)
  File "/Users/kevinkao/Documents/software building/b2b-quotation-system-backend/venv/lib/python3.14/site-packages/starlette/routing.py", line 290, in handle
    await self.app(scope, receive, send)
  File "/Users/kevinkao/Documents/software building/b2b-quotation-system-backend/venv/lib/python3.14/site-packages/fastapi/routing.py", line 115, in app
    await wrap_app_handling_exceptions(app, request)(scope, receive, send)
  File "/Users/kevinkao/Documents/software building/b2b-quotation-system-backend/venv/lib/python3.14/site-packages/starlette/_exception_handler.py", line 53, in wrapped_app
    raise exc
  File "/Users/kevinkao/Documents/software building/b2b-quotation-system-backend/venv/lib/python3.14/site-packages/starlette/_exception_handler.py", line 42, in wrapped_app
    await app(scope, receive, sender)
  File "/Users/kevinkao/Documents/software building/b2b-quotation-system-backend/venv/lib/python3.14/site-packages/fastapi/routing.py", line 101, in app
    response = await f(request)
               ^^^^^^^^^^^^^^^^
  File "/Users/kevinkao/Documents/software building/b2b-quotation-system-backend/venv/lib/python3.14/site-packages/fastapi/routing.py", line 355, in app
    raw_response = await run_endpoint_function(
                   ^^^^^^^^^^^^^^^^^^^^^^^^^^^^
    ...<3 lines>...
    )
    ^
  File "/Users/kevinkao/Documents/software building/b2b-quotation-system-backend/venv/lib/python3.14/site-packages/fastapi/routing.py", line 245, in run_endpoint_function
    return await run_in_threadpool(dependant.call, **values)
           ^^^^^^^^^^^^^^^^^^^^^^^^^^^^^^^^^^^^^^^^^^^^^^^^^
  File "/Users/kevinkao/Documents/software building/b2b-quotation-system-backend/venv/lib/python3.14/site-packages/starlette/concurrency.py", line 32, in run_in_threadpool
    return await anyio.to_thread.run_sync(func)
           ^^^^^^^^^^^^^^^^^^^^^^^^^^^^^^^^^^^^
  File "/Users/kevinkao/Documents/software building/b2b-quotation-system-backend/venv/lib/python3.14/site-packages/anyio/to_thread.py", line 63, in run_sync
    return await get_async_backend().run_sync_in_worker_thread(
           ^^^^^^^^^^^^^^^^^^^^^^^^^^^^^^^^^^^^^^^^^^^^^^^^^^^^
        func, args, abandon_on_cancel=abandon_on_cancel, limiter=limiter
        ^^^^^^^^^^^^^^^^^^^^^^^^^^^^^^^^^^^^^^^^^^^^^^^^^^^^^^^^^^^^^^^^
    )
    ^
  File "/Users/kevinkao/Documents/software building/b2b-quotation-system-backend/venv/lib/python3.14/site-packages/anyio/_backends/_asyncio.py", line 2502, in run_sync_in_worker_thread
    return await future
           ^^^^^^^^^^^^
  File "/Users/kevinkao/Documents/software building/b2b-quotation-system-backend/venv/lib/python3.14/site-packages/anyio/_backends/_asyncio.py", line 986, in run
    result = context.run(func, *args)
  File "/Users/kevinkao/Documents/software building/b2b-quotation-system-backend/app/routers/rfqs.py", line 56, in list_rfqs
    rfqs = rfq_crud.get_rfqs(db, skip=skip, limit=page_size, search=search, status=status)
  File "/Users/kevinkao/Documents/software building/b2b-quotation-system-backend/app/crud/rfq.py", line 156, in get_rfqs
    return query.order_by(desc(RFQ.updated_at)).offset(skip).limit(limit).all()
           ~~~~~~~~~~~~~~~~~~~~~~~~~~~~~~~~~~~~~~~~~~~~~~~~~~~~~~~~~~~~~~~~~~^^
  File "/Users/kevinkao/Documents/software building/b2b-quotation-system-backend/venv/lib/python3.14/site-packages/sqlalchemy/orm/query.py", line 2704, in all
    return self._iter().all()  # type: ignore
           ~~~~~~~~~~^^
  File "/Users/kevinkao/Documents/software building/b2b-quotation-system-backend/venv/lib/python3.14/site-packages/sqlalchemy/orm/query.py", line 2857, in _iter
    result: Union[ScalarResult[_T], Result[_T]] = self.session.execute(
                                                  ~~~~~~~~~~~~~~~~~~~~^
        statement,
        ^^^^^^^^^^
        params,
        ^^^^^^^
        execution_options={"_sa_orm_load_options": self.load_options},
        ^^^^^^^^^^^^^^^^^^^^^^^^^^^^^^^^^^^^^^^^^^^^^^^^^^^^^^^^^^^^^^
    )
    ^
  File "/Users/kevinkao/Documents/software building/b2b-quotation-system-backend/venv/lib/python3.14/site-packages/sqlalchemy/orm/session.py", line 2351, in execute
    return self._execute_internal(
           ~~~~~~~~~~~~~~~~~~~~~~^
        statement,
        ^^^^^^^^^^
    ...<4 lines>...
        _add_event=_add_event,
        ^^^^^^^^^^^^^^^^^^^^^^
    )
    ^
  File "/Users/kevinkao/Documents/software building/b2b-quotation-system-backend/venv/lib/python3.14/site-packages/sqlalchemy/orm/session.py", line 2249, in _execute_internal
    result: Result[Any] = compile_state_cls.orm_execute_statement(
                          ~~~~~~~~~~~~~~~~~~~~~~~~~~~~~~~~~~~~~~~^
        self,
        ^^^^^
    ...<4 lines>...
        conn,
        ^^^^^
    )
    ^
  File "/Users/kevinkao/Documents/software building/b2b-quotation-system-backend/venv/lib/python3.14/site-packages/sqlalchemy/orm/context.py", line 306, in orm_execute_statement
    result = conn.execute(
        statement, params or {}, execution_options=execution_options
    )
  File "/Users/kevinkao/Documents/software building/b2b-quotation-system-backend/venv/lib/python3.14/site-packages/sqlalchemy/engine/base.py", line 1419, in execute
    return meth(
        self,
        distilled_parameters,
        execution_options or NO_OPTIONS,
    )
  File "/Users/kevinkao/Documents/software building/b2b-quotation-system-backend/venv/lib/python3.14/site-packages/sqlalchemy/sql/elements.py", line 527, in _execute_on_connection
    return connection._execute_clauseelement(
           ~~~~~~~~~~~~~~~~~~~~~~~~~~~~~~~~~^
        self, distilled_params, execution_options
        ^^^^^^^^^^^^^^^^^^^^^^^^^^^^^^^^^^^^^^^^^
    )
    ^
  File "/Users/kevinkao/Documents/software building/b2b-quotation-system-backend/venv/lib/python3.14/site-packages/sqlalchemy/engine/base.py", line 1641, in _execute_clauseelement
    ret = self._execute_context(
        dialect,
    ...<8 lines>...
        cache_hit=cache_hit,
    )
  File "/Users/kevinkao/Documents/software building/b2b-quotation-system-backend/venv/lib/python3.14/site-packages/sqlalchemy/engine/base.py", line 1846, in _execute_context
    return self._exec_single_context(
           ~~~~~~~~~~~~~~~~~~~~~~~~~^
        dialect, context, statement, parameters
        ^^^^^^^^^^^^^^^^^^^^^^^^^^^^^^^^^^^^^^^
    )
    ^
  File "/Users/kevinkao/Documents/software building/b2b-quotation-system-backend/venv/lib/python3.14/site-packages/sqlalchemy/engine/base.py", line 1986, in _exec_single_context
    self._handle_dbapi_exception(
    ~~~~~~~~~~~~~~~~~~~~~~~~~~~~^
        e, str_statement, effective_parameters, cursor, context
        ^^^^^^^^^^^^^^^^^^^^^^^^^^^^^^^^^^^^^^^^^^^^^^^^^^^^^^^
    )
    ^
  File "/Users/kevinkao/Documents/software building/b2b-quotation-system-backend/venv/lib/python3.14/site-packages/sqlalchemy/engine/base.py", line 2363, in _handle_dbapi_exception
    raise sqlalchemy_exception.with_traceback(exc_info[2]) from e
  File "/Users/kevinkao/Documents/software building/b2b-quotation-system-backend/venv/lib/python3.14/site-packages/sqlalchemy/engine/base.py", line 1967, in _exec_single_context
    self.dialect.do_execute(
    ~~~~~~~~~~~~~~~~~~~~~~~^
        cursor, str_statement, effective_parameters, context
        ^^^^^^^^^^^^^^^^^^^^^^^^^^^^^^^^^^^^^^^^^^^^^^^^^^^^
    )
    ^
  File "/Users/kevinkao/Documents/software building/b2b-quotation-system-backend/venv/lib/python3.14/site-packages/sqlalchemy/engine/default.py", line 952, in do_execute
    cursor.execute(statement, parameters)
    ~~~~~~~~~~~~~~^^^^^^^^^^^^^^^^^^^^^^^
sqlalchemy.exc.OperationalError: (psycopg2.OperationalError) server closed the connection unexpectedly
	This probably means the server terminated abnormally
	before or while processing the request.
server closed the connection unexpectedly
	This probably means the server terminated abnormally
	before or while processing the request.

[SQL: SELECT rfqs.id AS rfqs_id, rfqs.rfq_no AS rfqs_rfq_no, rfqs.project_name AS rfqs_project_name, rfqs.vendor_id AS rfqs_vendor_id, rfqs.current_version_id AS rfqs_current_version_id, rfqs.selected_version_id AS rfqs_selected_version_id, rfqs.status AS rfqs_status, rfqs.accounting_status AS rfqs_accounting_status, rfqs.created_at AS rfqs_created_at, rfqs.updated_at AS rfqs_updated_at, rfqs.deleted_at AS rfqs_deleted_at, vendors_1.id AS vendors_1_id, vendors_1.name AS vendors_1_name, vendors_1.company_name AS vendors_1_company_name, vendors_1.tax_id AS vendors_1_tax_id, vendors_1.email AS vendors_1_email, vendors_1.phone AS vendors_1_phone, vendors_1.address AS vendors_1_address, vendors_1.default_payment_terms AS vendors_1_default_payment_terms, vendors_1.default_currency AS vendors_1_default_currency, vendors_1.status AS vendors_1_status, vendors_1.notes AS vendors_1_notes, vendors_1.created_at AS vendors_1_created_at, vendors_1.updated_at AS vendors_1_updated_at 
FROM rfqs LEFT OUTER JOIN vendors AS vendors_1 ON vendors_1.id = rfqs.vendor_id 
WHERE rfqs.deleted_at IS NULL ORDER BY rfqs.updated_at DESC 
 LIMIT %(param_1)s OFFSET %(param_2)s]
[parameters: {'param_1': 10, 'param_2': 0}]
(Background on this error at: https://sqlalche.me/e/20/e3q8)
INFO:     127.0.0.1:63625 - "GET /api/v1/rfqs/088d3cd8-9bd5-4a2b-8126-91ed4850fd85 HTTP/1.1" 200 OK
INFO:     127.0.0.1:63629 - "GET /api/v1/rfqs/?page=1&page_size=10 HTTP/1.1" 200 OK
INFO:     127.0.0.1:63625 - "GET /api/v1/rfqs/088d3cd8-9bd5-4a2b-8126-91ed4850fd85 HTTP/1.1" 200 OK
