INFO:__main__:Creating initial data
INFO:__main__:Catalog Items already exist. Skipping.
ERROR:__main__:An error occurred: (psycopg2.errors.UndefinedColumn) column customers.company_email does not exist
LINE 2: ...customers.company_name AS customers_company_name, customers....
                                                             ^

[SQL: SELECT count(*) AS count_1 
FROM (SELECT customers.id AS customers_id, customers.created_at AS customers_created_at, customers.updated_at AS customers_updated_at, customers.status AS customers_status, customers.company_name AS customers_company_name, customers.company_email AS customers_company_email, customers.tax_id AS customers_tax_id, customers.industry AS customers_industry, customers.website AS customers_website, customers.address_line1 AS customers_address_line1, customers.address_line2 AS customers_address_line2, customers.city AS customers_city, customers.postal_code AS customers_postal_code, customers.country AS customers_country, customers.contact_name AS customers_contact_name, customers.contact_email AS customers_contact_email, customers.contact_phone AS customers_contact_phone, customers.contact_title AS customers_contact_title, customers.billing_email AS customers_billing_email, customers.notes AS customers_notes 
FROM customers) AS anon_1]
(Background on this error at: https://sqlalche.me/e/20/f405)
Traceback (most recent call last):
  File "/Users/kevinkao/Documents/software building/b2b-quotation-system-backend/venv/lib/python3.14/site-packages/sqlalchemy/engine/base.py", line 1967, in _exec_single_context
    self.dialect.do_execute(
    ~~~~~~~~~~~~~~~~~~~~~~~^
        cursor, str_statement, effective_parameters, context
        ^^^^^^^^^^^^^^^^^^^^^^^^^^^^^^^^^^^^^^^^^^^^^^^^^^^^
    )
    ^
  File "/Users/kevinkao/Documents/software building/b2b-quotation-system-backend/venv/lib/python3.14/site-packages/sqlalchemy/engine/default.py", line 952, in do_execute
    cursor.execute(statement, parameters)
    ~~~~~~~~~~~~~~^^^^^^^^^^^^^^^^^^^^^^^
psycopg2.errors.UndefinedColumn: column customers.company_email does not exist
LINE 2: ...customers.company_name AS customers_company_name, customers....
                                                             ^


The above exception was the direct cause of the following exception:

Traceback (most recent call last):
  File "<frozen runpy>", line 198, in _run_module_as_main
  File "<frozen runpy>", line 88, in _run_code
  File "/Users/kevinkao/Documents/software building/b2b-quotation-system-backend/app/initial_data.py", line 135, in <module>
    main()
    ~~~~^^
  File "/Users/kevinkao/Documents/software building/b2b-quotation-system-backend/app/initial_data.py", line 130, in main
    raise e
  File "/Users/kevinkao/Documents/software building/b2b-quotation-system-backend/app/initial_data.py", line 126, in main
    init_db(db)
    ~~~~~~~^^^^
  File "/Users/kevinkao/Documents/software building/b2b-quotation-system-backend/app/initial_data.py", line 100, in init_db
    if db.query(models.Customer).count() == 0:
       ~~~~~~~~~~~~~~~~~~~~~~~~~~~~~~~^^
  File "/Users/kevinkao/Documents/software building/b2b-quotation-system-backend/venv/lib/python3.14/site-packages/sqlalchemy/orm/query.py", line 3146, in count
    self._legacy_from_self(col).enable_eagerloads(False).scalar()
    ~~~~~~~~~~~~~~~~~~~~~~~~~~~~~~~~~~~~~~~~~~~~~~~~~~~~~~~~~~~^^
  File "/Users/kevinkao/Documents/software building/b2b-quotation-system-backend/venv/lib/python3.14/site-packages/sqlalchemy/orm/query.py", line 2835, in scalar
    ret = self.one()
  File "/Users/kevinkao/Documents/software building/b2b-quotation-system-backend/venv/lib/python3.14/site-packages/sqlalchemy/orm/query.py", line 2808, in one
    return self._iter().one()  # type: ignore
           ~~~~~~~~~~^^
  File "/Users/kevinkao/Documents/software building/b2b-quotation-system-backend/venv/lib/python3.14/site-packages/sqlalchemy/orm/query.py", line 2857, in _iter
    result: Union[ScalarResult[_T], Result[_T]] = self.session.execute(
                                                  ~~~~~~~~~~~~~~~~~~~~^
        statement,
        ^^^^^^^^^^
        params,
        ^^^^^^^
        execution_options={"_sa_orm_load_options": self.load_options},
        ^^^^^^^^^^^^^^^^^^^^^^^^^^^^^^^^^^^^^^^^^^^^^^^^^^^^^^^^^^^^^^
    )
    ^
  File "/Users/kevinkao/Documents/software building/b2b-quotation-system-backend/venv/lib/python3.14/site-packages/sqlalchemy/orm/session.py", line 2351, in execute
    return self._execute_internal(
           ~~~~~~~~~~~~~~~~~~~~~~^
        statement,
        ^^^^^^^^^^
    ...<4 lines>...
        _add_event=_add_event,
        ^^^^^^^^^^^^^^^^^^^^^^
    )
    ^
  File "/Users/kevinkao/Documents/software building/b2b-quotation-system-backend/venv/lib/python3.14/site-packages/sqlalchemy/orm/session.py", line 2249, in _execute_internal
    result: Result[Any] = compile_state_cls.orm_execute_statement(
                          ~~~~~~~~~~~~~~~~~~~~~~~~~~~~~~~~~~~~~~~^
        self,
        ^^^^^
    ...<4 lines>...
        conn,
        ^^^^^
    )
    ^
  File "/Users/kevinkao/Documents/software building/b2b-quotation-system-backend/venv/lib/python3.14/site-packages/sqlalchemy/orm/context.py", line 306, in orm_execute_statement
    result = conn.execute(
        statement, params or {}, execution_options=execution_options
    )
  File "/Users/kevinkao/Documents/software building/b2b-quotation-system-backend/venv/lib/python3.14/site-packages/sqlalchemy/engine/base.py", line 1419, in execute
    return meth(
        self,
        distilled_parameters,
        execution_options or NO_OPTIONS,
    )
  File "/Users/kevinkao/Documents/software building/b2b-quotation-system-backend/venv/lib/python3.14/site-packages/sqlalchemy/sql/elements.py", line 527, in _execute_on_connection
    return connection._execute_clauseelement(
           ~~~~~~~~~~~~~~~~~~~~~~~~~~~~~~~~~^
        self, distilled_params, execution_options
        ^^^^^^^^^^^^^^^^^^^^^^^^^^^^^^^^^^^^^^^^^
    )
    ^
  File "/Users/kevinkao/Documents/software building/b2b-quotation-system-backend/venv/lib/python3.14/site-packages/sqlalchemy/engine/base.py", line 1641, in _execute_clauseelement
    ret = self._execute_context(
        dialect,
    ...<8 lines>...
        cache_hit=cache_hit,
    )
  File "/Users/kevinkao/Documents/software building/b2b-quotation-system-backend/venv/lib/python3.14/site-packages/sqlalchemy/engine/base.py", line 1846, in _execute_context
    return self._exec_single_context(
           ~~~~~~~~~~~~~~~~~~~~~~~~~^
        dialect, context, statement, parameters
        ^^^^^^^^^^^^^^^^^^^^^^^^^^^^^^^^^^^^^^^
    )
    ^
  File "/Users/kevinkao/Documents/software building/b2b-quotation-system-backend/venv/lib/python3.14/site-packages/sqlalchemy/engine/base.py", line 1986, in _exec_single_context
    self._handle_dbapi_exception(
    ~~~~~~~~~~~~~~~~~~~~~~~~~~~~^
        e, str_statement, effective_parameters, cursor, context
        ^^^^^^^^^^^^^^^^^^^^^^^^^^^^^^^^^^^^^^^^^^^^^^^^^^^^^^^
    )
    ^
  File "/Users/kevinkao/Documents/software building/b2b-quotation-system-backend/venv/lib/python3.14/site-packages/sqlalchemy/engine/base.py", line 2363, in _handle_dbapi_exception
    raise sqlalchemy_exception.with_traceback(exc_info[2]) from e
  File "/Users/kevinkao/Documents/software building/b2b-quotation-system-backend/venv/lib/python3.14/site-packages/sqlalchemy/engine/base.py", line 1967, in _exec_single_context
    self.dialect.do_execute(
    ~~~~~~~~~~~~~~~~~~~~~~~^
        cursor, str_statement, effective_parameters, context
        ^^^^^^^^^^^^^^^^^^^^^^^^^^^^^^^^^^^^^^^^^^^^^^^^^^^^
    )
    ^
  File "/Users/kevinkao/Documents/software building/b2b-quotation-system-backend/venv/lib/python3.14/site-packages/sqlalchemy/engine/default.py", line 952, in do_execute
    cursor.execute(statement, parameters)
    ~~~~~~~~~~~~~~^^^^^^^^^^^^^^^^^^^^^^^
sqlalchemy.exc.ProgrammingError: (psycopg2.errors.UndefinedColumn) column customers.company_email does not exist
LINE 2: ...customers.company_name AS customers_company_name, customers....
                                                             ^

[SQL: SELECT count(*) AS count_1 
FROM (SELECT customers.id AS customers_id, customers.created_at AS customers_created_at, customers.updated_at AS customers_updated_at, customers.status AS customers_status, customers.company_name AS customers_company_name, customers.company_email AS customers_company_email, customers.tax_id AS customers_tax_id, customers.industry AS customers_industry, customers.website AS customers_website, customers.address_line1 AS customers_address_line1, customers.address_line2 AS customers_address_line2, customers.city AS customers_city, customers.postal_code AS customers_postal_code, customers.country AS customers_country, customers.contact_name AS customers_contact_name, customers.contact_email AS customers_contact_email, customers.contact_phone AS customers_contact_phone, customers.contact_title AS customers_contact_title, customers.billing_email AS customers_billing_email, customers.notes AS customers_notes 
FROM customers) AS anon_1]
(Background on this error at: https://sqlalche.me/e/20/f405)
